// Jest Snapshot v1, https://goo.gl/fbAQLP

exports[`NostrUp should match snapshot 1`] = `
[
  <Text>
    Sign Up-title
  </Text>,
  <Text>
    Username-label
  </Text>,
  <Text>
    Enter your username-placeholder
  </Text>,
  <Text
    onPress={[Function]}
  >
    Next-button
  </Text>,
]
`;
