// Jest Snapshot v1, https://goo.gl/fbAQLP

exports[`BackButton should render back button 1`] = `
<View
  accessibilityState={
    {
      "busy": undefined,
      "checked": undefined,
      "disabled": undefined,
      "expanded": undefined,
      "selected": undefined,
    }
  }
  accessibilityValue={
    {
      "max": undefined,
      "min": undefined,
      "now": undefined,
      "text": undefined,
    }
  }
  accessible={true}
  collapsable={false}
  focusable={true}
  onBlur={[Function]}
  onClick={[Function]}
  onFocus={[Function]}
  onResponderGrant={[Function]}
  onResponderMove={[Function]}
  onResponderRelease={[Function]}
  onResponderTerminate={[Function]}
  onResponderTerminationRequest={[Function]}
  onStartShouldSetResponder={[Function]}
  style={
    {
      "alignItems": "center",
      "backgroundColor": "#000",
      "borderRadius": 100,
      "justifyContent": "center",
      "padding": 10,
    }
  }
>
  <Text
    color="#FFF"
    name="chevron-thin-left"
    type="Entypo"
  >
    chevron-thin-left
  </Text>
</View>
`;
